1 Установите СУБД MySQL. Создайте в домашней директории файл .my.cnf, задав в нем логин и пароль, который указывался при установке.
2 Создайте базу данных example, разместите в ней таблицу users, состоящую из двух столбцов, числового id и строкового name.
3 Создайте дамп базы данных example из предыдущего задания, разверните содержимое дампа в новую базу данных sample.
4 (по желанию) Ознакомьтесь более подробно с документацией утилиты mysqldump. Создайте дамп единственной таблицы help_keyword базы данных mysql. Причем добейтесь того, чтобы дамп содержал только первые 100 строк таблицы.



[mysql]
user=root
password=

//DBeaver:

DROP DATABASE IF EXISTS example;

CREATE DATABASE example;

USE example;

CREATE TABLE users (id SERIAL,name VARCHAR(256));

CREATE DATABASE sample;

//консоль:


Microsoft Windows [Version 6.1.7601]
(c) Корпорация Майкрософт (Microsoft Corp.), 2009. Все права защищены.

C:\Users\Note> cd C:\Program Files\MySQL\MySQL Server 8.0\bin\

C:\Program Files\MySQL\MySQL Server 8.0\bin>mysql -u root -p
Enter password: *********
Welcome to the MySQL monitor.  Commands end with ; or \g.
Your MySQL connection id is 42
Server version: 8.0.24 MySQL Community Server - GPL

Copyright (c) 2000, 2021, Oracle and/or its affiliates.

Oracle is a registered trademark of Oracle Corporation and/or its
affiliates. Other names may be trademarks of their respective
owners.

Type 'help;' or '\h' for help. Type '\c' to clear the current input statement.

mysql> \Q
ERROR:
Unknown command '\Q'.
    -> \q
Bye

C:\Program Files\MySQL\MySQL Server 8.0\bin>mysqldump -u root -p example > sampl
e.sql
Enter password: *********

C:\Program Files\MySQL\MySQL Server 8.0\bin>mysql -u root -p sample < sample.sql

Enter password: *********

C:\Program Files\MySQL\MySQL Server 8.0\bin>mysql -u root -p
Enter password: *********
Welcome to the MySQL monitor.  Commands end with ; or \g.
Your MySQL connection id is 47
Server version: 8.0.24 MySQL Community Server - GPL

Copyright (c) 2000, 2021, Oracle and/or its affiliates.

Oracle is a registered trademark of Oracle Corporation and/or its
affiliates. Other names may be trademarks of their respective
owners.

Type 'help;' or '\h' for help. Type '\c' to clear the current input statement.

mysql> SHOW DATABASES;
+--------------------+
| Database           |
+--------------------+
| example            |
| information_schema |
| mysql              |
| performance_schema |
| sakila             |
| sample             |
| sys                |
| world              |
+--------------------+
8 rows in set (0.00 sec)

mysql> DESCRIBE SAMPLE.USERS;
+-------+-----------------+------+-----+---------+----------------+
| Field | Type            | Null | Key | Default | Extra          |
+-------+-----------------+------+-----+---------+----------------+
| id    | bigint unsigned | NO   | PRI | NULL    | auto_increment |
| name  | varchar(256)    | YES  |     | NULL    |                |
+-------+-----------------+------+-----+---------+----------------+
2 rows in set (0.01 sec)

mysql> \q
Bye

C:\Program Files\MySQL\MySQL Server 8.0\bin>mysqldump -u root -p --opt --where="
1 limit 100" mysql help_keyword > first_100_rows_help_keyword.sql
Enter password: *********

C:\Program Files\MySQL\MySQL Server 8.0\bin>